<?xml version="1.0" encoding="UTF-8"?>
<testsuites>
  <testsuite name="" tests="35" assertions="64" errors="0" warnings="0" failures="0" skipped="0" time="72.766372">
    <testsuite name="Feature" tests="25" assertions="49" errors="0" warnings="0" failures="0" skipped="0" time="42.926670">
      <testsuite name="Tests\Feature\app\Http\Controllers\LienControllerTest" file="/app/tests/Feature/app/Http/Controllers/LienControllerTest.php" tests="4" assertions="6" errors="0" warnings="0" failures="0" skipped="0" time="8.484838">
        <testcase name="test_lien_index_succeeds" class="Tests\Feature\app\Http\Controllers\LienControllerTest" classname="Tests.Feature.app.Http.Controllers.LienControllerTest" file="/app/tests/Feature/app/Http/Controllers/LienControllerTest.php" line="20" assertions="1" time="2.922955"/>
        <testcase name="test_lien_create_succeeds" class="Tests\Feature\app\Http\Controllers\LienControllerTest" classname="Tests.Feature.app.Http.Controllers.LienControllerTest" file="/app/tests/Feature/app/Http/Controllers/LienControllerTest.php" line="30" assertions="1" time="1.844550"/>
        <testcase name="test_lien_store_succeeds" class="Tests\Feature\app\Http\Controllers\LienControllerTest" classname="Tests.Feature.app.Http.Controllers.LienControllerTest" file="/app/tests/Feature/app/Http/Controllers/LienControllerTest.php" line="40" assertions="2" time="1.851908"/>
        <testcase name="test_lien_delete_succeeds" class="Tests\Feature\app\Http\Controllers\LienControllerTest" classname="Tests.Feature.app.Http.Controllers.LienControllerTest" file="/app/tests/Feature/app/Http/Controllers/LienControllerTest.php" line="52" assertions="2" time="1.865424"/>
      </testsuite>
      <testsuite name="Tests\Feature\app\Http\Controllers\LoginControllerTest" file="/app/tests/Feature/app/Http/Controllers/LoginControllerTest.php" tests="11" assertions="27" errors="0" warnings="0" failures="0" skipped="0" time="17.299417">
        <testcase name="test_locallogin_page_displays" class="Tests\Feature\app\Http\Controllers\LoginControllerTest" classname="Tests.Feature.app.Http.Controllers.LoginControllerTest" file="/app/tests/Feature/app/Http/Controllers/LoginControllerTest.php" line="22" assertions="1" time="0.287854"/>
        <testcase name="test_login_failure" class="Tests\Feature\app\Http\Controllers\LoginControllerTest" classname="Tests.Feature.app.Http.Controllers.LoginControllerTest" file="/app/tests/Feature/app/Http/Controllers/LoginControllerTest.php" line="30" assertions="3" time="1.973088"/>
        <testcase name="test_login_success" class="Tests\Feature\app\Http\Controllers\LoginControllerTest" classname="Tests.Feature.app.Http.Controllers.LoginControllerTest" file="/app/tests/Feature/app/Http/Controllers/LoginControllerTest.php" line="43" assertions="4" time="1.825623"/>
        <testcase name="testShowPasswordResetRequestPage" class="Tests\Feature\app\Http\Controllers\LoginControllerTest" classname="Tests.Feature.app.Http.Controllers.LoginControllerTest" file="/app/tests/Feature/app/Http/Controllers/LoginControllerTest.php" line="64" assertions="1" time="0.259652"/>
        <testcase name="test_reset_notification_send_success_for_valid_email" class="Tests\Feature\app\Http\Controllers\LoginControllerTest" classname="Tests.Feature.app.Http.Controllers.LoginControllerTest" file="/app/tests/Feature/app/Http/Controllers/LoginControllerTest.php" line="74" assertions="2" time="1.834024"/>
        <testcase name="test_reset_notification_send_fails_for_invalid_email" class="Tests\Feature\app\Http\Controllers\LoginControllerTest" classname="Tests.Feature.app.Http.Controllers.LoginControllerTest" file="/app/tests/Feature/app/Http/Controllers/LoginControllerTest.php" line="91" assertions="2" time="1.865425"/>
        <testcase name="testShowPasswordResetPageSucceedsWithValidUserAndToken" class="Tests\Feature\app\Http\Controllers\LoginControllerTest" classname="Tests.Feature.app.Http.Controllers.LoginControllerTest" file="/app/tests/Feature/app/Http/Controllers/LoginControllerTest.php" line="107" assertions="1" time="1.881416"/>
        <testcase name="testShowPasswordResetPageSucceedsAlsoWithInvalidToken" class="Tests\Feature\app\Http\Controllers\LoginControllerTest" classname="Tests.Feature.app.Http.Controllers.LoginControllerTest" file="/app/tests/Feature/app/Http/Controllers/LoginControllerTest.php" line="126" assertions="1" time="1.913313"/>
        <testcase name="testShowPasswordResetPageSucceedsAlsoWithInvalidEmail" class="Tests\Feature\app\Http\Controllers\LoginControllerTest" classname="Tests.Feature.app.Http.Controllers.LoginControllerTest" file="/app/tests/Feature/app/Http/Controllers/LoginControllerTest.php" line="142" assertions="1" time="1.806293"/>
        <testcase name="test_change_pwd_fails_if_invalid_token" class="Tests\Feature\app\Http\Controllers\LoginControllerTest" classname="Tests.Feature.app.Http.Controllers.LoginControllerTest" file="/app/tests/Feature/app/Http/Controllers/LoginControllerTest.php" line="155" assertions="4" time="1.821804"/>
        <testcase name="test_change_pwd_succeeds_if_valid_token_and_email" class="Tests\Feature\app\Http\Controllers\LoginControllerTest" classname="Tests.Feature.app.Http.Controllers.LoginControllerTest" file="/app/tests/Feature/app/Http/Controllers/LoginControllerTest.php" line="177" assertions="7" time="1.830925"/>
      </testsuite>
      <testsuite name="Tests\Feature\app\Http\Controllers\UsersControllerTest" file="/app/tests/Feature/app/Http/Controllers/UsersControllerTest.php" tests="8" assertions="14" errors="0" warnings="0" failures="0" skipped="0" time="15.053389">
        <testcase name="test_user_index_redirect_when_not_logged_in" class="Tests\Feature\app\Http\Controllers\UsersControllerTest" classname="Tests.Feature.app.Http.Controllers.UsersControllerTest" file="/app/tests/Feature/app/Http/Controllers/UsersControllerTest.php" line="23" assertions="1" time="1.772639"/>
        <testcase name="test_user_index_succeeds" class="Tests\Feature\app\Http\Controllers\UsersControllerTest" classname="Tests.Feature.app.Http.Controllers.UsersControllerTest" file="/app/tests/Feature/app/Http/Controllers/UsersControllerTest.php" line="31" assertions="1" time="2.015471"/>
        <testcase name="test_user_creation_when_admin_succeeds" class="Tests\Feature\app\Http\Controllers\UsersControllerTest" classname="Tests.Feature.app.Http.Controllers.UsersControllerTest" file="/app/tests/Feature/app/Http/Controllers/UsersControllerTest.php" line="41" assertions="3" time="1.912080"/>
        <testcase name="test_user_creation_when_logged_in_fails_if_incomplete_request" class="Tests\Feature\app\Http\Controllers\UsersControllerTest" classname="Tests.Feature.app.Http.Controllers.UsersControllerTest" file="/app/tests/Feature/app/Http/Controllers/UsersControllerTest.php" line="65" assertions="2" time="1.976679"/>
        <testcase name="test_user_creation_when_logged_in_fails_if_invalid_email" class="Tests\Feature\app\Http\Controllers\UsersControllerTest" classname="Tests.Feature.app.Http.Controllers.UsersControllerTest" file="/app/tests/Feature/app/Http/Controllers/UsersControllerTest.php" line="80" assertions="2" time="1.899841"/>
        <testcase name="test_created_user_has_user_role" class="Tests\Feature\app\Http\Controllers\UsersControllerTest" classname="Tests.Feature.app.Http.Controllers.UsersControllerTest" file="/app/tests/Feature/app/Http/Controllers/UsersControllerTest.php" line="96" assertions="3" time="1.842390"/>
        <testcase name="test_deletion_of_created_user_when_admin_succeeds" class="Tests\Feature\app\Http\Controllers\UsersControllerTest" classname="Tests.Feature.app.Http.Controllers.UsersControllerTest" file="/app/tests/Feature/app/Http/Controllers/UsersControllerTest.php" line="117" assertions="1" time="1.846145"/>
        <testcase name="test_deletion_of_created_user_when_not_admin_fails" class="Tests\Feature\app\Http\Controllers\UsersControllerTest" classname="Tests.Feature.app.Http.Controllers.UsersControllerTest" file="/app/tests/Feature/app/Http/Controllers/UsersControllerTest.php" line="132" assertions="1" time="1.788144"/>
      </testsuite>
      <testsuite name="Tests\Feature\app\Http\Livewire\UsersTableTest" file="/app/tests/Feature/app/Http/Livewire/UsersTableTest.php" tests="1" assertions="1" errors="0" warnings="0" failures="0" skipped="0" time="1.983943">
        <testcase name="test_users_table_component_when_logged_in" class="Tests\Feature\app\Http\Livewire\UsersTableTest" classname="Tests.Feature.app.Http.Livewire.UsersTableTest" file="/app/tests/Feature/app/Http/Livewire/UsersTableTest.php" line="17" assertions="1" time="1.983943"/>
      </testsuite>
      <testsuite name="Tests\Feature\routes\WebRoutesTest" file="/app/tests/Feature/routes/WebRoutesTest.php" tests="1" assertions="1" errors="0" warnings="0" failures="0" skipped="0" time="0.105082">
        <testcase name="test_route_caching_succeeds" class="Tests\Feature\routes\WebRoutesTest" classname="Tests.Feature.routes.WebRoutesTest" file="/app/tests/Feature/routes/WebRoutesTest.php" line="17" assertions="1" time="0.105082"/>
      </testsuite>
    </testsuite>
    <testsuite name="Modules" tests="10" assertions="15" errors="0" warnings="0" failures="0" skipped="0" time="29.839702">
      <testsuite name="Modules\Transformation\Tests\Feature\Http\Controllers\ObjectifControllerTest" file="/app/Modules/Transformation/Tests/Feature/Http/Controllers/ObjectifControllerTest.php" tests="2" assertions="3" errors="0" warnings="0" failures="0" skipped="0" time="2.249796">
        <testcase name="test_objectif_index_fails_when_not_logged_in" class="Modules\Transformation\Tests\Feature\Http\Controllers\ObjectifControllerTest" classname="Modules.Transformation.Tests.Feature.Http.Controllers.ObjectifControllerTest" file="/app/Modules/Transformation/Tests/Feature/Http/Controllers/ObjectifControllerTest.php" line="19" assertions="2" time="0.277850"/>
        <testcase name="test_objectif_index_succeeds_when_logged_in" class="Modules\Transformation\Tests\Feature\Http\Controllers\ObjectifControllerTest" classname="Modules.Transformation.Tests.Feature.Http.Controllers.ObjectifControllerTest" file="/app/Modules/Transformation/Tests/Feature/Http/Controllers/ObjectifControllerTest.php" line="26" assertions="1" time="1.971946"/>
      </testsuite>
      <testsuite name="Modules\Transformation\Tests\Feature\Jobs\CalculateUserTransformationRatiosTest" file="/app/Modules/Transformation/Tests/Feature/Jobs/CalculateUserTransformationRatiosTest.php" tests="1" assertions="2" errors="0" warnings="0" failures="0" skipped="0" time="4.428591">
        <testcase name="test_calculate_taux_de_transformation" class="Modules\Transformation\Tests\Feature\Jobs\CalculateUserTransformationRatiosTest" classname="Modules.Transformation.Tests.Feature.Jobs.CalculateUserTransformationRatiosTest" file="/app/Modules/Transformation/Tests/Feature/Jobs/CalculateUserTransformationRatiosTest.php" line="27" assertions="2" time="4.428591"/>
      </testsuite>
      <testsuite name="Modules\Transformation\Tests\Unit\RestrictVisibilityTest" file="/app/Modules/Transformation/Tests/Unit/RestrictVisibilityTest.php" tests="7" assertions="10" errors="0" warnings="0" failures="0" skipped="0" time="23.161315">
        <testcase name="testSingleUserInAUnitSeesOnlyHimself" class="Modules\Transformation\Tests\Unit\RestrictVisibilityTest" classname="Modules.Transformation.Tests.Unit.RestrictVisibilityTest" file="/app/Modules/Transformation/Tests/Unit/RestrictVisibilityTest.php" line="24" assertions="1" time="3.405100"/>
        <testcase name="testMultipleUsersInAUnitSeeThemselves" class="Modules\Transformation\Tests\Unit\RestrictVisibilityTest" classname="Modules.Transformation.Tests.Unit.RestrictVisibilityTest" file="/app/Modules/Transformation/Tests/Unit/RestrictVisibilityTest.php" line="38" assertions="1" time="3.446558"/>
        <testcase name="testAUserSeesAUserFromAnotherUnitWithMpeSansDates" class="Modules\Transformation\Tests\Unit\RestrictVisibilityTest" classname="Modules.Transformation.Tests.Unit.RestrictVisibilityTest" file="/app/Modules/Transformation/Tests/Unit/RestrictVisibilityTest.php" line="54" assertions="1" time="3.261570"/>
        <testcase name="testAUserSeesAUserFromAnotherUnitWithMpeAvecDatesValides" class="Modules\Transformation\Tests\Unit\RestrictVisibilityTest" classname="Modules.Transformation.Tests.Unit.RestrictVisibilityTest" file="/app/Modules/Transformation/Tests/Unit/RestrictVisibilityTest.php" line="79" assertions="1" time="3.290684"/>
        <testcase name="testAUserSeesNotAUserFromAnotherUnitWithMpeAvecDatesNonValides" class="Modules\Transformation\Tests\Unit\RestrictVisibilityTest" classname="Modules.Transformation.Tests.Unit.RestrictVisibilityTest" file="/app/Modules/Transformation/Tests/Unit/RestrictVisibilityTest.php" line="106" assertions="2" time="3.261230"/>
        <testcase name="testAUserSeesUsersFromHisUnitAndWithMpe" class="Modules\Transformation\Tests\Unit\RestrictVisibilityTest" classname="Modules.Transformation.Tests.Unit.RestrictVisibilityTest" file="/app/Modules/Transformation/Tests/Unit/RestrictVisibilityTest.php" line="137" assertions="2" time="3.269453"/>
        <testcase name="testAUserSeesUsersFromHisUnitButNotThoseWithInvalidMpe" class="Modules\Transformation\Tests\Unit\RestrictVisibilityTest" classname="Modules.Transformation.Tests.Unit.RestrictVisibilityTest" file="/app/Modules/Transformation/Tests/Unit/RestrictVisibilityTest.php" line="166" assertions="2" time="3.226720"/>
      </testsuite>
    </testsuite>
  </testsuite>
</testsuites>
